bla bla testo                                               
                                                            
Neither the general nor the particular solution is unique. Ã¹
                                                            
bla bla testo
